sample 1 32 greedy 17 1.2209 accepted True
sample 1 32 greedy 23 1.1996 accepted True
sample 1 32 greedy 41 1.2632 accepted True
sample 1 32 plain 17 1.1572 accepted True
sample 1 32 plain 23 1.1203 accepted True
sample 1 32 plain 41 1.1722 accepted True
sample 1 32 topk 17 1.6113 accepted True
sample 1 32 topk 23 1.3141 accepted True
sample 1 32 topk 41 1.6482 accepted True
sample 1 32 topp 17 1.1859 accepted True
sample 1 32 topp 23 1.1709 accepted True
sample 1 32 topp 41 1.1259 accepted True
sample 1 32 combined 17 1.6408 accepted True
sample 1 32 combined 23 1.3973 accepted True
sample 1 32 combined 41 1.6245 accepted True
sample 1 256 greedy 17 1.1645 accepted True
sample 1 256 greedy 23 1.1867 accepted True
sample 1 256 greedy 41 1.1736 accepted True
sample 1 256 plain 17 1.1083 accepted True
sample 1 256 plain 23 1.0533 accepted True
sample 1 256 plain 41 1.0636 accepted True
sample 1 256 topk 17 1.1319 accepted True
sample 1 256 topk 23 1.2213 accepted True
sample 1 256 topk 41 1.063 accepted True
sample 1 256 topp 17 1.1555 accepted True
sample 1 256 topp 23 1.1867 accepted True
sample 1 256 topp 41 1.1943 accepted True
sample 1 256 combined 17 1.117 accepted True
sample 1 256 combined 23 1.3085 accepted True
sample 1 256 combined 41 1.1495 accepted True
sample 4 32 greedy 17 1.2355 accepted True
sample 4 32 greedy 23 1.3009 accepted True
sample 4 32 greedy 41 1.2696 accepted True
sample 4 32 plain 17 1.6228 accepted True
sample 4 32 plain 23 1.392 accepted True
sample 4 32 plain 41 1.3627 accepted True
sample 4 32 topk 17 2.049 accepted True
sample 4 32 topk 23 1.705 accepted True
sample 4 32 topk 41 2.0142 accepted True
sample 4 32 topp 17 1.5611 accepted True
sample 4 32 topp 23 1.4213 accepted True
sample 4 32 topp 41 1.5688 accepted True
sample 4 32 combined 17 1.8844 accepted True
sample 4 32 combined 23 1.7356 accepted True
sample 4 32 combined 41 1.8684 accepted True
sample 4 256 greedy 17 1.2373 accepted True
sample 4 256 greedy 23 1.2255 accepted True
sample 4 256 greedy 41 1.2521 accepted True
sample 4 256 plain 17 1.1292 accepted True
sample 4 256 plain 23 1.1675 accepted True
sample 4 256 plain 41 1.1293 accepted True
sample 4 256 topk 17 1.6575 accepted True
sample 4 256 topk 23 1.7098 accepted True
sample 4 256 topk 41 1.843 accepted True
sample 4 256 topp 17 1.1856 accepted True
sample 4 256 topp 23 1.2411 accepted True
sample 4 256 topp 41 1.2277 accepted True
sample 4 256 combined 17 1.5504 accepted True
sample 4 256 combined 23 1.6824 accepted True
sample 4 256 combined 41 1.4897 accepted True
sample 8 32 greedy 17 0.5656 accepted True
sample 8 32 greedy 23 0.5736 accepted True
sample 8 32 greedy 41 0.5681 accepted True
sample 8 32 plain 17 0.5772 accepted True
sample 8 32 plain 23 0.5797 accepted True
sample 8 32 plain 41 0.5856 accepted True
sample 8 32 topk 17 0.5856 accepted True
sample 8 32 topk 23 0.5845 accepted True
sample 8 32 topk 41 0.5791 accepted True
sample 8 32 topp 17 0.6206 accepted True
sample 8 32 topp 23 0.6209 accepted True
sample 8 32 topp 41 0.6209 accepted True
sample 8 32 combined 17 0.6311 accepted True
sample 8 32 combined 23 0.6257 accepted True
sample 8 32 combined 41 0.629 accepted True
sample 8 256 greedy 17 0.6428 accepted True
sample 8 256 greedy 23 0.6496 accepted True
sample 8 256 greedy 41 0.6477 accepted True
sample 8 256 plain 17 0.6594 accepted True
sample 8 256 plain 23 0.6659 accepted True
sample 8 256 plain 41 0.6767 accepted True
sample 8 256 topk 17 0.6655 accepted True
sample 8 256 topk 23 0.6647 accepted True
sample 8 256 topk 41 0.6694 accepted True
sample 8 256 topp 17 0.7058 accepted True
sample 8 256 topp 23 0.7121 accepted True
sample 8 256 topp 41 0.7093 accepted True
sample 8 256 combined 17 0.7175 accepted True
sample 8 256 combined 23 0.7456 accepted True
sample 8 256 combined 41 0.7153 accepted True
PASS /tmp/spec-v7-bench-final/primary-p3-on.json
