sample 1 32 greedy 17 1.1978 accepted True
sample 1 32 greedy 23 1.2306 accepted True
sample 1 32 greedy 41 1.2165 accepted True
sample 1 32 plain 17 1.0777 accepted True
sample 1 32 plain 23 1.0431 accepted True
sample 1 32 plain 41 1.0207 accepted True
sample 1 32 topk 17 1.5707 accepted True
sample 1 32 topk 23 1.2736 accepted True
sample 1 32 topk 41 1.5764 accepted True
sample 1 32 topp 17 1.0965 accepted True
sample 1 32 topp 23 1.21 accepted True
sample 1 32 topp 41 1.0923 accepted True
sample 1 32 combined 17 1.6924 accepted True
sample 1 32 combined 23 1.3727 accepted True
sample 1 32 combined 41 1.6987 accepted True
sample 1 256 greedy 17 1.1265 accepted True
sample 1 256 greedy 23 1.1444 accepted True
sample 1 256 greedy 41 1.1458 accepted True
sample 1 256 plain 17 0.9959 accepted True
sample 1 256 plain 23 1.0752 accepted True
sample 1 256 plain 41 1.0695 accepted True
sample 1 256 topk 17 1.0928 accepted True
sample 1 256 topk 23 1.253 accepted True
sample 1 256 topk 41 1.039 accepted True
sample 1 256 topp 17 1.0265 accepted True
sample 1 256 topp 23 1.1419 accepted True
sample 1 256 topp 41 1.1173 accepted True
sample 1 256 combined 17 1.1142 accepted True
sample 1 256 combined 23 1.3471 accepted True
sample 1 256 combined 41 1.1287 accepted True
sample 4 32 greedy 17 1.2694 accepted True
sample 4 32 greedy 23 1.2566 accepted True
sample 4 32 greedy 41 1.2684 accepted True
sample 4 32 plain 17 1.5601 accepted True
sample 4 32 plain 23 1.4608 accepted True
sample 4 32 plain 41 1.3563 accepted True
sample 4 32 topk 17 2.1558 accepted True
sample 4 32 topk 23 1.675 accepted True
sample 4 32 topk 41 2.0025 accepted True
sample 4 32 topp 17 1.5345 accepted True
sample 4 32 topp 23 1.3794 accepted True
sample 4 32 topp 41 1.4944 accepted True
sample 4 32 combined 17 1.8498 accepted True
sample 4 32 combined 23 1.5544 accepted True
sample 4 32 combined 41 1.8387 accepted True
sample 4 256 greedy 17 1.2974 accepted True
sample 4 256 greedy 23 1.2917 accepted True
sample 4 256 greedy 41 1.2849 accepted True
sample 4 256 plain 17 1.2936 accepted True
sample 4 256 plain 23 1.3027 accepted True
sample 4 256 plain 41 1.303 accepted True
sample 4 256 topk 17 1.8588 accepted True
sample 4 256 topk 23 1.9431 accepted True
sample 4 256 topk 41 1.9354 accepted True
sample 4 256 topp 17 1.3463 accepted True
sample 4 256 topp 23 1.344 accepted True
sample 4 256 topp 41 1.3566 accepted True
sample 4 256 combined 17 1.7762 accepted True
sample 4 256 combined 23 1.8861 accepted True
sample 4 256 combined 41 1.6907 accepted True
sample 8 32 greedy 17 0.5708 accepted True
sample 8 32 greedy 23 0.5722 accepted True
sample 8 32 greedy 41 0.5732 accepted True
sample 8 32 plain 17 0.5873 accepted True
sample 8 32 plain 23 0.5869 accepted True
sample 8 32 plain 41 0.5787 accepted True
sample 8 32 topk 17 0.5866 accepted True
sample 8 32 topk 23 0.5932 accepted True
sample 8 32 topk 41 0.5845 accepted True
sample 8 32 topp 17 0.6211 accepted True
sample 8 32 topp 23 0.6209 accepted True
sample 8 32 topp 41 0.6219 accepted True
sample 8 32 combined 17 0.6262 accepted True
sample 8 32 combined 23 0.6336 accepted True
sample 8 32 combined 41 0.6303 accepted True
sample 8 256 greedy 17 0.6461 accepted True
sample 8 256 greedy 23 0.6524 accepted True
sample 8 256 greedy 41 0.6494 accepted True
sample 8 256 plain 17 0.6601 accepted True
sample 8 256 plain 23 0.6599 accepted True
sample 8 256 plain 41 0.6734 accepted True
sample 8 256 topk 17 0.6763 accepted True
sample 8 256 topk 23 0.6728 accepted True
sample 8 256 topk 41 0.6667 accepted True
sample 8 256 topp 17 0.711 accepted True
sample 8 256 topp 23 0.7099 accepted True
sample 8 256 topp 41 0.7085 accepted True
sample 8 256 combined 17 0.7205 accepted True
sample 8 256 combined 23 0.7141 accepted True
sample 8 256 combined 41 0.7152 accepted True
PASS /tmp/spec-v7-bench-final/primary-p5-on.json
