sample 1 32 greedy 17 0.5407 accepted True
sample 1 32 greedy 23 0.5641 accepted True
sample 1 32 greedy 41 0.5467 accepted True
sample 1 32 plain 17 0.5559 accepted True
sample 1 32 plain 23 0.5578 accepted True
sample 1 32 plain 41 0.5578 accepted True
sample 1 32 topk 17 0.5638 accepted True
sample 1 32 topk 23 0.5638 accepted True
sample 1 32 topk 41 0.5627 accepted True
sample 1 32 topp 17 0.5701 accepted True
sample 1 32 topp 23 0.5709 accepted True
sample 1 32 topp 41 0.5701 accepted True
sample 1 32 combined 17 0.5804 accepted True
sample 1 32 combined 23 0.5773 accepted True
sample 1 32 combined 41 0.581 accepted True
sample 1 256 greedy 17 0.5515 accepted True
sample 1 256 greedy 23 0.5544 accepted True
sample 1 256 greedy 41 0.5522 accepted True
sample 1 256 plain 17 0.5651 accepted True
sample 1 256 plain 23 0.5651 accepted True
sample 1 256 plain 41 0.5718 accepted True
sample 1 256 topk 17 0.5729 accepted True
sample 1 256 topk 23 0.5732 accepted True
sample 1 256 topk 41 0.5731 accepted True
sample 1 256 topp 17 0.5827 accepted True
sample 1 256 topp 23 0.5825 accepted True
sample 1 256 topp 41 0.588 accepted True
sample 1 256 combined 17 0.5877 accepted True
sample 1 256 combined 23 0.5846 accepted True
sample 1 256 combined 41 0.5897 accepted True
sample 4 32 greedy 17 0.5401 accepted True
sample 4 32 greedy 23 0.5388 accepted True
sample 4 32 greedy 41 0.5412 accepted True
sample 4 32 plain 17 0.5515 accepted True
sample 4 32 plain 23 0.5517 accepted True
sample 4 32 plain 41 0.5498 accepted True
sample 4 32 topk 17 0.5572 accepted True
sample 4 32 topk 23 0.5557 accepted True
sample 4 32 topk 41 0.556 accepted True
sample 4 32 topp 17 0.5931 accepted True
sample 4 32 topp 23 0.5892 accepted True
sample 4 32 topp 41 0.594 accepted True
sample 4 32 combined 17 0.5959 accepted True
sample 4 32 combined 23 0.5967 accepted True
sample 4 32 combined 41 0.5975 accepted True
sample 4 256 greedy 17 0.5869 accepted True
sample 4 256 greedy 23 0.5883 accepted True
sample 4 256 greedy 41 0.5919 accepted True
sample 4 256 plain 17 0.6029 accepted True
sample 4 256 plain 23 0.6051 accepted True
sample 4 256 plain 41 0.6007 accepted True
sample 4 256 topk 17 0.6074 accepted True
sample 4 256 topk 23 0.6062 accepted True
sample 4 256 topk 41 0.6064 accepted True
sample 4 256 topp 17 0.6408 accepted True
sample 4 256 topp 23 0.6469 accepted True
sample 4 256 topp 41 0.6415 accepted True
sample 4 256 combined 17 0.6496 accepted True
sample 4 256 combined 23 0.6435 accepted True
sample 4 256 combined 41 0.6456 accepted True
sample 8 32 greedy 17 0.5435 accepted True
sample 8 32 greedy 23 0.5463 accepted True
sample 8 32 greedy 41 0.5464 accepted True
sample 8 32 plain 17 0.5622 accepted True
sample 8 32 plain 23 0.5626 accepted True
sample 8 32 plain 41 0.5604 accepted True
sample 8 32 topk 17 0.5593 accepted True
sample 8 32 topk 23 0.5638 accepted True
sample 8 32 topk 41 0.5621 accepted True
sample 8 32 topp 17 0.5974 accepted True
sample 8 32 topp 23 0.6054 accepted True
sample 8 32 topp 41 0.6044 accepted True
sample 8 32 combined 17 0.6102 accepted True
sample 8 32 combined 23 0.61 accepted True
sample 8 32 combined 41 0.6085 accepted True
sample 8 256 greedy 17 0.631 accepted True
sample 8 256 greedy 23 0.6246 accepted True
sample 8 256 greedy 41 0.6313 accepted True
sample 8 256 plain 17 0.6429 accepted True
sample 8 256 plain 23 0.6429 accepted True
sample 8 256 plain 41 0.6455 accepted True
sample 8 256 topk 17 0.6554 accepted True
sample 8 256 topk 23 0.6512 accepted True
sample 8 256 topk 41 0.6527 accepted True
sample 8 256 topp 17 0.6894 accepted True
sample 8 256 topp 23 0.6881 accepted True
sample 8 256 topp 41 0.6899 accepted True
sample 8 256 combined 17 0.6957 accepted True
sample 8 256 combined 23 0.6977 accepted True
sample 8 256 combined 41 0.6909 accepted True
PASS /tmp/spec-v7-bench-final/primary-p1-off.json
