sample 1 32 greedy 17 1.2085 accepted True
sample 1 32 greedy 23 1.2522 accepted True
sample 1 32 greedy 41 1.2306 accepted True
sample 1 32 plain 17 1.1332 accepted True
sample 1 32 plain 23 1.0731 accepted True
sample 1 32 plain 41 1.148 accepted True
sample 1 32 topk 17 1.6374 accepted True
sample 1 32 topk 23 1.4104 accepted True
sample 1 32 topk 41 1.6692 accepted True
sample 1 32 topp 17 1.1764 accepted True
sample 1 32 topp 23 1.2212 accepted True
sample 1 32 topp 41 1.1507 accepted True
sample 1 32 combined 17 1.6013 accepted True
sample 1 32 combined 23 1.4692 accepted True
sample 1 32 combined 41 1.7012 accepted True
sample 1 256 greedy 17 1.1667 accepted True
sample 1 256 greedy 23 1.14 accepted True
sample 1 256 greedy 41 1.1224 accepted True
sample 1 256 plain 17 1.071 accepted True
sample 1 256 plain 23 1.093 accepted True
sample 1 256 plain 41 1.0954 accepted True
sample 1 256 topk 17 1.0861 accepted True
sample 1 256 topk 23 1.2496 accepted True
sample 1 256 topk 41 1.1035 accepted True
sample 1 256 topp 17 1.1562 accepted True
sample 1 256 topp 23 1.0855 accepted True
sample 1 256 topp 41 1.1882 accepted True
sample 1 256 combined 17 1.1649 accepted True
sample 1 256 combined 23 1.2709 accepted True
sample 1 256 combined 41 1.2307 accepted True
sample 4 32 greedy 17 1.2353 accepted True
sample 4 32 greedy 23 1.2674 accepted True
sample 4 32 greedy 41 1.2585 accepted True
sample 4 32 plain 17 1.5474 accepted True
sample 4 32 plain 23 1.4332 accepted True
sample 4 32 plain 41 1.3608 accepted True
sample 4 32 topk 17 2.0022 accepted True
sample 4 32 topk 23 1.7782 accepted True
sample 4 32 topk 41 2.0627 accepted True
sample 4 32 topp 17 1.5736 accepted True
sample 4 32 topp 23 1.3938 accepted True
sample 4 32 topp 41 1.5322 accepted True
sample 4 32 combined 17 1.8788 accepted True
sample 4 32 combined 23 1.6572 accepted True
sample 4 32 combined 41 1.9657 accepted True
sample 4 256 greedy 17 1.2426 accepted True
sample 4 256 greedy 23 1.2315 accepted True
sample 4 256 greedy 41 1.2148 accepted True
sample 4 256 plain 17 1.1359 accepted True
sample 4 256 plain 23 1.1523 accepted True
sample 4 256 plain 41 1.1776 accepted True
sample 4 256 topk 17 1.6645 accepted True
sample 4 256 topk 23 1.7301 accepted True
sample 4 256 topk 41 1.8214 accepted True
sample 4 256 topp 17 1.1534 accepted True
sample 4 256 topp 23 1.1834 accepted True
sample 4 256 topp 41 1.2411 accepted True
sample 4 256 combined 17 1.6032 accepted True
sample 4 256 combined 23 1.6828 accepted True
sample 4 256 combined 41 1.5363 accepted True
sample 8 32 greedy 17 0.5662 accepted True
sample 8 32 greedy 23 0.5694 accepted True
sample 8 32 greedy 41 0.5707 accepted True
sample 8 32 plain 17 0.5678 accepted True
sample 8 32 plain 23 0.5795 accepted True
sample 8 32 plain 41 0.5761 accepted True
sample 8 32 topk 17 0.5749 accepted True
sample 8 32 topk 23 0.5842 accepted True
sample 8 32 topk 41 0.5831 accepted True
sample 8 32 topp 17 0.6186 accepted True
sample 8 32 topp 23 0.6257 accepted True
sample 8 32 topp 41 0.6223 accepted True
sample 8 32 combined 17 0.6282 accepted True
sample 8 32 combined 23 0.6257 accepted True
sample 8 32 combined 41 0.6311 accepted True
sample 8 256 greedy 17 0.6501 accepted True
sample 8 256 greedy 23 0.6495 accepted True
sample 8 256 greedy 41 0.6459 accepted True
sample 8 256 plain 17 0.6652 accepted True
sample 8 256 plain 23 0.6645 accepted True
sample 8 256 plain 41 0.6611 accepted True
sample 8 256 topk 17 0.6647 accepted True
sample 8 256 topk 23 0.6696 accepted True
sample 8 256 topk 41 0.6723 accepted True
sample 8 256 topp 17 0.7072 accepted True
sample 8 256 topp 23 0.7045 accepted True
sample 8 256 topp 41 0.7083 accepted True
sample 8 256 combined 17 0.7153 accepted True
sample 8 256 combined 23 0.7141 accepted True
sample 8 256 combined 41 0.7162 accepted True
PASS /tmp/spec-v7-bench-final/primary-p4-on.json
