sample 1 32 greedy 17 0.5413 accepted True
sample 1 32 greedy 23 0.5449 accepted True
sample 1 32 greedy 41 0.541 accepted True
sample 1 32 plain 17 0.5658 accepted True
sample 1 32 plain 23 0.559 accepted True
sample 1 32 plain 41 0.5538 accepted True
sample 1 32 topk 17 0.554 accepted True
sample 1 32 topk 23 0.5614 accepted True
sample 1 32 topk 41 0.5622 accepted True
sample 1 32 topp 17 0.5716 accepted True
sample 1 32 topp 23 0.581 accepted True
sample 1 32 topp 41 0.5793 accepted True
sample 1 32 combined 17 0.5701 accepted True
sample 1 32 combined 23 0.581 accepted True
sample 1 32 combined 41 0.5743 accepted True
sample 1 256 greedy 17 0.5529 accepted True
sample 1 256 greedy 23 0.554 accepted False
sample 1 256 greedy 41 0.5589 accepted False
sample 1 256 plain 17 0.5699 accepted False
sample 1 256 plain 23 0.5606 accepted False
sample 1 256 plain 41 0.6572 accepted False
sample 1 256 topk 17 0.5757 accepted False
sample 1 256 topk 23 0.5697 accepted True
sample 1 256 topk 41 0.5718 accepted True
sample 1 256 topp 17 0.581 accepted True
sample 1 256 topp 23 0.5793 accepted True
sample 1 256 topp 41 0.5805 accepted True
sample 1 256 combined 17 0.5947 accepted True
sample 1 256 combined 23 0.5858 accepted True
sample 1 256 combined 41 0.5845 accepted True
sample 4 32 greedy 17 0.5307 accepted True
sample 4 32 greedy 23 0.5356 accepted True
sample 4 32 greedy 41 0.5359 accepted True
sample 4 32 plain 17 0.5554 accepted True
sample 4 32 plain 23 0.5476 accepted True
sample 4 32 plain 41 0.5479 accepted True
sample 4 32 topk 17 0.5537 accepted True
sample 4 32 topk 23 0.5656 accepted True
sample 4 32 topk 41 0.5577 accepted True
sample 4 32 topp 17 0.5873 accepted True
sample 4 32 topp 23 0.5878 accepted True
sample 4 32 topp 41 0.583 accepted True
sample 4 32 combined 17 0.5963 accepted True
sample 4 32 combined 23 0.5952 accepted True
sample 4 32 combined 41 0.5935 accepted True
sample 4 256 greedy 17 0.582 accepted True
sample 4 256 greedy 23 0.5935 accepted True
sample 4 256 greedy 41 0.5848 accepted True
sample 4 256 plain 17 0.6102 accepted True
sample 4 256 plain 23 0.5991 accepted True
sample 4 256 plain 41 0.5974 accepted True
sample 4 256 topk 17 0.6002 accepted True
sample 4 256 topk 23 0.6035 accepted True
sample 4 256 topk 41 0.6023 accepted True
sample 4 256 topp 17 0.644 accepted True
sample 4 256 topp 23 0.642 accepted True
sample 4 256 topp 41 0.6381 accepted True
sample 4 256 combined 17 0.6416 accepted True
sample 4 256 combined 23 0.6473 accepted True
sample 4 256 combined 41 0.6447 accepted True
sample 8 32 greedy 17 0.548 accepted True
sample 8 32 greedy 23 0.5437 accepted True
sample 8 32 greedy 41 0.5389 accepted True
sample 8 32 plain 17 0.5547 accepted True
sample 8 32 plain 23 0.5903 accepted True
sample 8 32 plain 41 0.5536 accepted True
sample 8 32 topk 17 0.5595 accepted True
sample 8 32 topk 23 0.5646 accepted True
sample 8 32 topk 41 0.5638 accepted True
sample 8 32 topp 17 0.6035 accepted True
sample 8 32 topp 23 0.6045 accepted True
sample 8 32 topp 41 0.6033 accepted True
sample 8 32 combined 17 0.6071 accepted True
sample 8 32 combined 23 0.6091 accepted True
sample 8 32 combined 41 0.6105 accepted True
sample 8 256 greedy 17 0.6307 accepted True
sample 8 256 greedy 23 0.6308 accepted True
sample 8 256 greedy 41 0.6302 accepted True
sample 8 256 plain 17 0.6429 accepted True
sample 8 256 plain 23 0.6558 accepted True
sample 8 256 plain 41 0.6475 accepted True
sample 8 256 topk 17 0.6499 accepted True
sample 8 256 topk 23 0.6486 accepted True
sample 8 256 topk 41 0.6459 accepted True
sample 8 256 topp 17 0.6889 accepted True
sample 8 256 topp 23 0.6924 accepted True
sample 8 256 topp 41 0.6908 accepted True
sample 8 256 combined 17 0.6992 accepted True
sample 8 256 combined 23 0.6912 accepted True
sample 8 256 combined 41 0.6959 accepted True
PASS /tmp/spec-v7-bench-final/primary-p4-off.json
