sample 1 32 greedy 17 1.2111 accepted True
sample 1 32 greedy 23 1.2586 accepted True
sample 1 32 greedy 41 1.2477 accepted True
sample 1 32 plain 17 1.1856 accepted True
sample 1 32 plain 23 1.1689 accepted True
sample 1 32 plain 41 1.078 accepted True
sample 1 32 topk 17 1.7721 accepted True
sample 1 32 topk 23 1.3992 accepted True
sample 1 32 topk 41 1.8068 accepted True
sample 1 32 topp 17 1.2422 accepted True
sample 1 32 topp 23 1.2253 accepted True
sample 1 32 topp 41 1.1413 accepted True
sample 1 32 combined 17 1.7519 accepted True
sample 1 32 combined 23 1.5111 accepted True
sample 1 32 combined 41 1.7785 accepted True
sample 1 256 greedy 17 1.2042 accepted True
sample 1 256 greedy 23 1.1996 accepted True
sample 1 256 greedy 41 1.1756 accepted True
sample 1 256 plain 17 1.1346 accepted True
sample 1 256 plain 23 1.1157 accepted True
sample 1 256 plain 41 1.155 accepted True
sample 1 256 topk 17 1.1578 accepted True
sample 1 256 topk 23 1.2923 accepted True
sample 1 256 topk 41 1.2129 accepted True
sample 1 256 topp 17 1.2141 accepted True
sample 1 256 topp 23 1.2455 accepted True
sample 1 256 topp 41 1.1781 accepted True
sample 1 256 combined 17 1.162 accepted True
sample 1 256 combined 23 1.311 accepted True
sample 1 256 combined 41 1.219 accepted True
sample 4 32 greedy 17 1.2928 accepted True
sample 4 32 greedy 23 1.2974 accepted True
sample 4 32 greedy 41 1.2768 accepted True
sample 4 32 plain 17 1.6198 accepted True
sample 4 32 plain 23 1.4581 accepted True
sample 4 32 plain 41 1.4159 accepted True
sample 4 32 topk 17 2.1146 accepted True
sample 4 32 topk 23 1.7712 accepted True
sample 4 32 topk 41 2.0546 accepted True
sample 4 32 topp 17 1.6012 accepted True
sample 4 32 topp 23 1.4554 accepted True
sample 4 32 topp 41 1.6893 accepted True
sample 4 32 combined 17 1.9132 accepted True
sample 4 32 combined 23 1.5952 accepted True
sample 4 32 combined 41 1.9595 accepted True
sample 4 256 greedy 17 1.2648 accepted True
sample 4 256 greedy 23 1.2351 accepted True
sample 4 256 greedy 41 1.2401 accepted True
sample 4 256 plain 17 1.1893 accepted True
sample 4 256 plain 23 1.1725 accepted True
sample 4 256 plain 41 1.2052 accepted True
sample 4 256 topk 17 1.7572 accepted True
sample 4 256 topk 23 1.8344 accepted True
sample 4 256 topk 41 1.8564 accepted True
sample 4 256 topp 17 1.2843 accepted True
sample 4 256 topp 23 1.2992 accepted True
sample 4 256 topp 41 1.2054 accepted True
sample 4 256 combined 17 1.7937 accepted True
sample 4 256 combined 23 1.8161 accepted True
sample 4 256 combined 41 1.5489 accepted True
sample 8 32 greedy 17 0.5627 accepted True
sample 8 32 greedy 23 0.566 accepted True
sample 8 32 greedy 41 0.5631 accepted True
sample 8 32 plain 17 0.5794 accepted True
sample 8 32 plain 23 0.5857 accepted True
sample 8 32 plain 41 0.5766 accepted True
sample 8 32 topk 17 0.5913 accepted True
sample 8 32 topk 23 0.5916 accepted True
sample 8 32 topk 41 0.586 accepted True
sample 8 32 topp 17 0.6306 accepted True
sample 8 32 topp 23 0.6271 accepted True
sample 8 32 topp 41 0.6272 accepted True
sample 8 32 combined 17 0.6384 accepted True
sample 8 32 combined 23 0.6345 accepted True
sample 8 32 combined 41 0.6378 accepted True
sample 8 256 greedy 17 0.6485 accepted True
sample 8 256 greedy 23 0.6542 accepted True
sample 8 256 greedy 41 0.6532 accepted True
sample 8 256 plain 17 0.6632 accepted True
sample 8 256 plain 23 0.6607 accepted True
sample 8 256 plain 41 0.6591 accepted True
sample 8 256 topk 17 0.674 accepted True
sample 8 256 topk 23 0.6642 accepted True
sample 8 256 topk 41 0.6701 accepted True
sample 8 256 topp 17 0.7148 accepted True
sample 8 256 topp 23 0.7072 accepted True
sample 8 256 topp 41 0.7159 accepted True
sample 8 256 combined 17 0.7127 accepted True
sample 8 256 combined 23 0.7129 accepted True
sample 8 256 combined 41 0.7179 accepted True
PASS /tmp/spec-v7-bench-final/primary-p1-on.json
