sample 1 32 greedy 17 1.2028 accepted True
sample 1 32 greedy 23 1.2561 accepted True
sample 1 32 greedy 41 1.2681 accepted True
sample 1 32 plain 17 1.1117 accepted True
sample 1 32 plain 23 1.1034 accepted True
sample 1 32 plain 41 1.0621 accepted True
sample 1 32 topk 17 1.7121 accepted True
sample 1 32 topk 23 1.344 accepted True
sample 1 32 topk 41 1.5881 accepted True
sample 1 32 topp 17 1.1415 accepted True
sample 1 32 topp 23 1.1936 accepted True
sample 1 32 topp 41 1.0988 accepted True
sample 1 32 combined 17 1.7145 accepted False
sample 1 32 combined 23 1.4149 accepted False
sample 1 32 combined 41 1.8248 accepted False
sample 1 256 greedy 17 1.1536 accepted True
sample 1 256 greedy 23 1.1531 accepted True
sample 1 256 greedy 41 1.1747 accepted True
sample 1 256 plain 17 1.0811 accepted True
sample 1 256 plain 23 1.0887 accepted True
sample 1 256 plain 41 1.0962 accepted True
sample 1 256 topk 17 1.1013 accepted True
sample 1 256 topk 23 1.1968 accepted True
sample 1 256 topk 41 1.0781 accepted True
sample 1 256 topp 17 1.0963 accepted True
sample 1 256 topp 23 1.1703 accepted True
sample 1 256 topp 41 1.1532 accepted True
sample 1 256 combined 17 1.1052 accepted True
sample 1 256 combined 23 1.2312 accepted True
sample 1 256 combined 41 1.2093 accepted True
sample 4 32 greedy 17 1.214 accepted True
sample 4 32 greedy 23 1.2861 accepted True
sample 4 32 greedy 41 1.2719 accepted True
sample 4 32 plain 17 1.5503 accepted True
sample 4 32 plain 23 1.4119 accepted True
sample 4 32 plain 41 1.3204 accepted True
sample 4 32 topk 17 2.0148 accepted True
sample 4 32 topk 23 1.7649 accepted True
sample 4 32 topk 41 2.0924 accepted True
sample 4 32 topp 17 1.5612 accepted True
sample 4 32 topp 23 1.4534 accepted True
sample 4 32 topp 41 1.5753 accepted True
sample 4 32 combined 17 2.077 accepted True
sample 4 32 combined 23 1.7234 accepted True
sample 4 32 combined 41 1.8784 accepted True
sample 4 256 greedy 17 1.2622 accepted True
sample 4 256 greedy 23 1.3122 accepted True
sample 4 256 greedy 41 1.2769 accepted True
sample 4 256 plain 17 1.1387 accepted True
sample 4 256 plain 23 1.1781 accepted True
sample 4 256 plain 41 1.2627 accepted True
sample 4 256 topk 17 1.7115 accepted True
sample 4 256 topk 23 1.7586 accepted True
sample 4 256 topk 41 1.7972 accepted True
sample 4 256 topp 17 1.2539 accepted True
sample 4 256 topp 23 1.2343 accepted True
sample 4 256 topp 41 1.2363 accepted True
sample 4 256 combined 17 1.5976 accepted True
sample 4 256 combined 23 1.6991 accepted True
sample 4 256 combined 41 1.5249 accepted True
sample 8 32 greedy 17 0.5594 accepted True
sample 8 32 greedy 23 0.5671 accepted True
sample 8 32 greedy 41 0.5625 accepted True
sample 8 32 plain 17 0.5818 accepted True
sample 8 32 plain 23 0.5763 accepted True
sample 8 32 plain 41 0.5765 accepted True
sample 8 32 topk 17 0.5738 accepted True
sample 8 32 topk 23 0.5899 accepted True
sample 8 32 topk 41 0.5897 accepted True
sample 8 32 topp 17 0.6253 accepted True
sample 8 32 topp 23 0.6208 accepted True
sample 8 32 topp 41 0.6372 accepted True
sample 8 32 combined 17 0.6329 accepted True
sample 8 32 combined 23 0.627 accepted True
sample 8 32 combined 41 0.6367 accepted True
sample 8 256 greedy 17 0.6459 accepted True
sample 8 256 greedy 23 0.6481 accepted True
sample 8 256 greedy 41 0.6463 accepted True
sample 8 256 plain 17 0.6603 accepted True
sample 8 256 plain 23 0.6594 accepted True
sample 8 256 plain 41 0.6625 accepted True
sample 8 256 topk 17 0.6663 accepted True
sample 8 256 topk 23 0.6696 accepted True
sample 8 256 topk 41 0.674 accepted True
sample 8 256 topp 17 0.7097 accepted True
sample 8 256 topp 23 0.7131 accepted True
sample 8 256 topp 41 0.7073 accepted True
sample 8 256 combined 17 0.7106 accepted True
sample 8 256 combined 23 0.7124 accepted True
sample 8 256 combined 41 0.7155 accepted True
PASS /tmp/spec-v7-bench-final/primary-p2-on.json
