sample 1 32 greedy 17 0.5421 accepted True
sample 1 32 greedy 23 0.5447 accepted True
sample 1 32 greedy 41 0.5431 accepted True
sample 1 32 plain 17 0.5619 accepted True
sample 1 32 plain 23 0.5564 accepted True
sample 1 32 plain 41 0.5546 accepted True
sample 1 32 topk 17 0.5688 accepted True
sample 1 32 topk 23 0.5769 accepted True
sample 1 32 topk 41 0.5599 accepted True
sample 1 32 topp 17 0.5743 accepted True
sample 1 32 topp 23 0.5746 accepted True
sample 1 32 topp 41 0.5775 accepted True
sample 1 32 combined 17 0.5808 accepted True
sample 1 32 combined 23 0.5816 accepted True
sample 1 32 combined 41 0.578 accepted True
sample 1 256 greedy 17 0.5564 accepted True
sample 1 256 greedy 23 0.5518 accepted True
sample 1 256 greedy 41 0.5507 accepted True
sample 1 256 plain 17 0.5697 accepted True
sample 1 256 plain 23 0.573 accepted True
sample 1 256 plain 41 0.5694 accepted True
sample 1 256 topk 17 0.5727 accepted True
sample 1 256 topk 23 0.5763 accepted True
sample 1 256 topk 41 0.5729 accepted True
sample 1 256 topp 17 0.5849 accepted True
sample 1 256 topp 23 0.5819 accepted True
sample 1 256 topp 41 0.581 accepted True
sample 1 256 combined 17 0.5906 accepted True
sample 1 256 combined 23 0.5921 accepted True
sample 1 256 combined 41 0.5936 accepted True
sample 4 32 greedy 17 0.5397 accepted True
sample 4 32 greedy 23 0.5392 accepted True
sample 4 32 greedy 41 0.5378 accepted True
sample 4 32 plain 17 0.5531 accepted True
sample 4 32 plain 23 0.5502 accepted True
sample 4 32 plain 41 0.5533 accepted True
sample 4 32 topk 17 0.5729 accepted True
sample 4 32 topk 23 0.5639 accepted True
sample 4 32 topk 41 0.5577 accepted True
sample 4 32 topp 17 0.591 accepted True
sample 4 32 topp 23 0.5898 accepted True
sample 4 32 topp 41 0.5916 accepted True
sample 4 32 combined 17 0.5977 accepted True
sample 4 32 combined 23 0.602 accepted True
sample 4 32 combined 41 0.6003 accepted True
sample 4 256 greedy 17 0.5876 accepted True
sample 4 256 greedy 23 0.5885 accepted True
sample 4 256 greedy 41 0.5866 accepted True
sample 4 256 plain 17 0.5997 accepted True
sample 4 256 plain 23 0.5994 accepted True
sample 4 256 plain 41 0.599 accepted True
sample 4 256 topk 17 0.6054 accepted True
sample 4 256 topk 23 0.6048 accepted True
sample 4 256 topk 41 0.618 accepted True
sample 4 256 topp 17 0.6392 accepted True
sample 4 256 topp 23 0.6381 accepted True
sample 4 256 topp 41 0.6422 accepted True
sample 4 256 combined 17 0.6462 accepted True
sample 4 256 combined 23 0.6473 accepted True
sample 4 256 combined 41 0.6439 accepted True
sample 8 32 greedy 17 0.5458 accepted True
sample 8 32 greedy 23 0.5455 accepted True
sample 8 32 greedy 41 0.5455 accepted True
sample 8 32 plain 17 0.5573 accepted True
sample 8 32 plain 23 0.5608 accepted True
sample 8 32 plain 41 0.5594 accepted True
sample 8 32 topk 17 0.5651 accepted True
sample 8 32 topk 23 0.5631 accepted True
sample 8 32 topk 41 0.5667 accepted True
sample 8 32 topp 17 0.6047 accepted True
sample 8 32 topp 23 0.6058 accepted True
sample 8 32 topp 41 0.6029 accepted True
sample 8 32 combined 17 0.6097 accepted True
sample 8 32 combined 23 0.6116 accepted True
sample 8 32 combined 41 0.6082 accepted True
sample 8 256 greedy 17 0.6321 accepted True
sample 8 256 greedy 23 0.6243 accepted True
sample 8 256 greedy 41 0.6329 accepted True
sample 8 256 plain 17 0.6453 accepted True
sample 8 256 plain 23 0.6432 accepted True
sample 8 256 plain 41 0.6445 accepted True
sample 8 256 topk 17 0.6503 accepted True
sample 8 256 topk 23 0.6512 accepted True
sample 8 256 topk 41 0.6506 accepted True
sample 8 256 topp 17 0.6917 accepted True
sample 8 256 topp 23 0.6994 accepted True
sample 8 256 topp 41 0.6929 accepted True
sample 8 256 combined 17 0.6936 accepted True
sample 8 256 combined 23 0.6951 accepted True
sample 8 256 combined 41 0.6944 accepted True
PASS /tmp/spec-v7-bench-final/primary-p0-off.json
