sample 1 32 greedy 17 0.5422 accepted True
sample 1 32 greedy 23 0.541 accepted True
sample 1 32 greedy 41 0.5437 accepted True
sample 1 32 plain 17 0.5483 accepted True
sample 1 32 plain 23 0.5552 accepted True
sample 1 32 plain 41 0.5523 accepted True
sample 1 32 topk 17 0.5871 accepted True
sample 1 32 topk 23 0.5692 accepted True
sample 1 32 topk 41 0.5591 accepted True
sample 1 32 topp 17 0.5668 accepted True
sample 1 32 topp 23 0.5673 accepted True
sample 1 32 topp 41 0.5677 accepted True
sample 1 32 combined 17 0.5747 accepted True
sample 1 32 combined 23 0.5737 accepted True
sample 1 32 combined 41 0.5774 accepted True
sample 1 256 greedy 17 0.548 accepted True
sample 1 256 greedy 23 0.5498 accepted True
sample 1 256 greedy 41 0.5534 accepted True
sample 1 256 plain 17 0.5623 accepted True
sample 1 256 plain 23 0.567 accepted True
sample 1 256 plain 41 0.5634 accepted True
sample 1 256 topk 17 0.5677 accepted True
sample 1 256 topk 23 0.5966 accepted True
sample 1 256 topk 41 0.5725 accepted True
sample 1 256 topp 17 0.5877 accepted True
sample 1 256 topp 23 0.5798 accepted True
sample 1 256 topp 41 0.579 accepted True
sample 1 256 combined 17 0.5877 accepted True
sample 1 256 combined 23 0.5853 accepted True
sample 1 256 combined 41 0.5816 accepted True
sample 4 32 greedy 17 0.535 accepted True
sample 4 32 greedy 23 0.5341 accepted True
sample 4 32 greedy 41 0.5352 accepted True
sample 4 32 plain 17 0.5482 accepted True
sample 4 32 plain 23 0.5503 accepted True
sample 4 32 plain 41 0.5467 accepted True
sample 4 32 topk 17 0.5563 accepted True
sample 4 32 topk 23 0.5539 accepted True
sample 4 32 topk 41 0.5529 accepted True
sample 4 32 topp 17 0.5867 accepted True
sample 4 32 topp 23 0.5899 accepted True
sample 4 32 topp 41 0.5878 accepted True
sample 4 32 combined 17 0.5966 accepted True
sample 4 32 combined 23 0.5961 accepted True
sample 4 32 combined 41 0.5961 accepted True
sample 4 256 greedy 17 0.5838 accepted True
sample 4 256 greedy 23 0.5832 accepted True
sample 4 256 greedy 41 0.5843 accepted True
sample 4 256 plain 17 0.6 accepted True
sample 4 256 plain 23 0.5991 accepted True
sample 4 256 plain 41 0.5983 accepted True
sample 4 256 topk 17 0.6063 accepted True
sample 4 256 topk 23 0.6052 accepted True
sample 4 256 topk 41 0.6117 accepted True
sample 4 256 topp 17 0.637 accepted True
sample 4 256 topp 23 0.6365 accepted True
sample 4 256 topp 41 0.6361 accepted True
sample 4 256 combined 17 0.6414 accepted True
sample 4 256 combined 23 0.6422 accepted True
sample 4 256 combined 41 0.6449 accepted True
sample 8 32 greedy 17 0.5415 accepted True
sample 8 32 greedy 23 0.5413 accepted True
sample 8 32 greedy 41 0.542 accepted True
sample 8 32 plain 17 0.5551 accepted True
sample 8 32 plain 23 0.5533 accepted True
sample 8 32 plain 41 0.5587 accepted True
sample 8 32 topk 17 0.5651 accepted True
sample 8 32 topk 23 0.5656 accepted True
sample 8 32 topk 41 0.564 accepted True
sample 8 32 topp 17 0.5972 accepted True
sample 8 32 topp 23 0.6039 accepted True
sample 8 32 topp 41 0.6002 accepted True
sample 8 32 combined 17 0.6058 accepted True
sample 8 32 combined 23 0.6101 accepted True
sample 8 32 combined 41 0.6076 accepted True
sample 8 256 greedy 17 0.6303 accepted True
sample 8 256 greedy 23 0.6284 accepted True
sample 8 256 greedy 41 0.6307 accepted True
sample 8 256 plain 17 0.6411 accepted True
sample 8 256 plain 23 0.6397 accepted True
sample 8 256 plain 41 0.6414 accepted True
sample 8 256 topk 17 0.6486 accepted True
sample 8 256 topk 23 0.65 accepted True
sample 8 256 topk 41 0.6478 accepted True
sample 8 256 topp 17 0.6855 accepted True
sample 8 256 topp 23 0.6874 accepted True
sample 8 256 topp 41 0.6871 accepted True
sample 8 256 combined 17 0.7013 accepted True
sample 8 256 combined 23 0.6928 accepted True
sample 8 256 combined 41 0.6947 accepted True
PASS /tmp/spec-v7-bench-final/primary-p5-off.json
