sample 1 32 greedy 17 1.2465 accepted True
sample 1 32 greedy 23 1.2618 accepted True
sample 1 32 greedy 41 1.2789 accepted True
sample 1 32 plain 17 1.1503 accepted True
sample 1 32 plain 23 1.1517 accepted True
sample 1 32 plain 41 1.1159 accepted True
sample 1 32 topk 17 1.7262 accepted True
sample 1 32 topk 23 1.4195 accepted True
sample 1 32 topk 41 1.6948 accepted True
sample 1 32 topp 17 1.2223 accepted True
sample 1 32 topp 23 1.256 accepted True
sample 1 32 topp 41 1.1829 accepted True
sample 1 32 combined 17 1.707 accepted True
sample 1 32 combined 23 1.4503 accepted True
sample 1 32 combined 41 1.8102 accepted True
sample 1 256 greedy 17 1.1802 accepted True
sample 1 256 greedy 23 1.1995 accepted True
sample 1 256 greedy 41 1.18 accepted True
sample 1 256 plain 17 1.2046 accepted True
sample 1 256 plain 23 1.1405 accepted True
sample 1 256 plain 41 1.1361 accepted True
sample 1 256 topk 17 1.1192 accepted True
sample 1 256 topk 23 1.2871 accepted True
sample 1 256 topk 41 1.1833 accepted True
sample 1 256 topp 17 1.1567 accepted True
sample 1 256 topp 23 1.1402 accepted True
sample 1 256 topp 41 1.1825 accepted True
sample 1 256 combined 17 1.1683 accepted True
sample 1 256 combined 23 1.3264 accepted True
sample 1 256 combined 41 1.2274 accepted True
sample 4 32 greedy 17 1.2456 accepted True
sample 4 32 greedy 23 1.3161 accepted True
sample 4 32 greedy 41 1.3074 accepted True
sample 4 32 plain 17 1.6953 accepted True
sample 4 32 plain 23 1.4411 accepted True
sample 4 32 plain 41 1.4851 accepted True
sample 4 32 topk 17 2.1595 accepted True
sample 4 32 topk 23 1.8382 accepted True
sample 4 32 topk 41 2.2229 accepted True
sample 4 32 topp 17 1.6081 accepted True
sample 4 32 topp 23 1.5386 accepted True
sample 4 32 topp 41 1.6533 accepted True
sample 4 32 combined 17 2.0101 accepted True
sample 4 32 combined 23 1.7196 accepted True
sample 4 32 combined 41 2.0281 accepted True
sample 4 256 greedy 17 1.2872 accepted True
sample 4 256 greedy 23 1.2673 accepted True
sample 4 256 greedy 41 1.2917 accepted True
sample 4 256 plain 17 1.1947 accepted True
sample 4 256 plain 23 1.2161 accepted True
sample 4 256 plain 41 1.227 accepted True
sample 4 256 topk 17 1.8093 accepted True
sample 4 256 topk 23 1.8137 accepted True
sample 4 256 topk 41 1.9111 accepted True
sample 4 256 topp 17 1.2542 accepted True
sample 4 256 topp 23 1.2727 accepted True
sample 4 256 topp 41 1.2861 accepted True
sample 4 256 combined 17 1.6713 accepted True
sample 4 256 combined 23 1.856 accepted True
sample 4 256 combined 41 1.5936 accepted True
sample 8 32 greedy 17 0.5666 accepted True
sample 8 32 greedy 23 0.5672 accepted True
sample 8 32 greedy 41 0.5661 accepted True
sample 8 32 plain 17 0.5928 accepted True
sample 8 32 plain 23 0.5801 accepted True
sample 8 32 plain 41 0.577 accepted True
sample 8 32 topk 17 0.601 accepted True
sample 8 32 topk 23 0.5877 accepted True
sample 8 32 topk 41 0.5948 accepted True
sample 8 32 topp 17 0.6319 accepted True
sample 8 32 topp 23 0.6319 accepted True
sample 8 32 topp 41 0.6321 accepted True
sample 8 32 combined 17 0.6274 accepted True
sample 8 32 combined 23 0.6463 accepted True
sample 8 32 combined 41 0.635 accepted True
sample 8 256 greedy 17 0.662 accepted True
sample 8 256 greedy 23 0.6572 accepted True
sample 8 256 greedy 41 0.6531 accepted True
sample 8 256 plain 17 0.6769 accepted True
sample 8 256 plain 23 0.6647 accepted True
sample 8 256 plain 41 0.6703 accepted True
sample 8 256 topk 17 0.6776 accepted True
sample 8 256 topk 23 0.6761 accepted True
sample 8 256 topk 41 0.6809 accepted True
sample 8 256 topp 17 0.7115 accepted True
sample 8 256 topp 23 0.719 accepted True
sample 8 256 topp 41 0.7161 accepted True
sample 8 256 combined 17 0.7374 accepted True
sample 8 256 combined 23 0.7217 accepted True
sample 8 256 combined 41 0.7253 accepted True
PASS /tmp/spec-v7-bench-final/primary-p0-on.json
