sample 1 32 greedy 17 0.5422 accepted True
sample 1 32 greedy 23 0.5411 accepted True
sample 1 32 greedy 41 0.5411 accepted True
sample 1 32 plain 17 0.5523 accepted True
sample 1 32 plain 23 0.5583 accepted True
sample 1 32 plain 41 0.5517 accepted True
sample 1 32 topk 17 0.5587 accepted True
sample 1 32 topk 23 0.5618 accepted True
sample 1 32 topk 41 0.5602 accepted True
sample 1 32 topp 17 0.5681 accepted True
sample 1 32 topp 23 0.5706 accepted True
sample 1 32 topp 41 0.5672 accepted True
sample 1 32 combined 17 0.5765 accepted True
sample 1 32 combined 23 0.5761 accepted True
sample 1 32 combined 41 0.5748 accepted True
sample 1 256 greedy 17 0.5512 accepted True
sample 1 256 greedy 23 0.551 accepted True
sample 1 256 greedy 41 0.5442 accepted True
sample 1 256 plain 17 0.5635 accepted True
sample 1 256 plain 23 0.5688 accepted True
sample 1 256 plain 41 0.5635 accepted True
sample 1 256 topk 17 0.5684 accepted True
sample 1 256 topk 23 0.5717 accepted True
sample 1 256 topk 41 0.5689 accepted True
sample 1 256 topp 17 0.5817 accepted True
sample 1 256 topp 23 0.5823 accepted True
sample 1 256 topp 41 0.5821 accepted True
sample 1 256 combined 17 0.5888 accepted True
sample 1 256 combined 23 0.5869 accepted True
sample 1 256 combined 41 0.5879 accepted True
sample 4 32 greedy 17 0.5381 accepted True
sample 4 32 greedy 23 0.538 accepted True
sample 4 32 greedy 41 0.5379 accepted True
sample 4 32 plain 17 0.5468 accepted True
sample 4 32 plain 23 0.5507 accepted True
sample 4 32 plain 41 0.55 accepted True
sample 4 32 topk 17 0.556 accepted True
sample 4 32 topk 23 0.5667 accepted True
sample 4 32 topk 41 0.5545 accepted True
sample 4 32 topp 17 0.5862 accepted True
sample 4 32 topp 23 0.5873 accepted True
sample 4 32 topp 41 0.5929 accepted True
sample 4 32 combined 17 0.5934 accepted True
sample 4 32 combined 23 0.5942 accepted True
sample 4 32 combined 41 0.5936 accepted True
sample 4 256 greedy 17 0.5864 accepted True
sample 4 256 greedy 23 0.5885 accepted True
sample 4 256 greedy 41 0.581 accepted True
sample 4 256 plain 17 0.6013 accepted True
sample 4 256 plain 23 0.5996 accepted True
sample 4 256 plain 41 0.5983 accepted True
sample 4 256 topk 17 0.6031 accepted True
sample 4 256 topk 23 0.6046 accepted True
sample 4 256 topk 41 0.6099 accepted True
sample 4 256 topp 17 0.6374 accepted True
sample 4 256 topp 23 0.6436 accepted True
sample 4 256 topp 41 0.638 accepted True
sample 4 256 combined 17 0.6462 accepted True
sample 4 256 combined 23 0.6458 accepted True
sample 4 256 combined 41 0.6419 accepted True
sample 8 32 greedy 17 0.5376 accepted True
sample 8 32 greedy 23 0.5419 accepted True
sample 8 32 greedy 41 0.5452 accepted True
sample 8 32 plain 17 0.5545 accepted True
sample 8 32 plain 23 0.5538 accepted True
sample 8 32 plain 41 0.5589 accepted True
sample 8 32 topk 17 0.564 accepted True
sample 8 32 topk 23 0.5689 accepted True
sample 8 32 topk 41 0.5609 accepted True
sample 8 32 topp 17 0.6006 accepted True
sample 8 32 topp 23 0.6073 accepted True
sample 8 32 topp 41 0.5963 accepted True
sample 8 32 combined 17 0.6098 accepted True
sample 8 32 combined 23 0.6106 accepted True
sample 8 32 combined 41 0.6098 accepted True
sample 8 256 greedy 17 0.6311 accepted True
sample 8 256 greedy 23 0.6276 accepted True
sample 8 256 greedy 41 0.6293 accepted True
sample 8 256 plain 17 0.6412 accepted True
sample 8 256 plain 23 0.6427 accepted True
sample 8 256 plain 41 0.6479 accepted True
sample 8 256 topk 17 0.6597 accepted True
sample 8 256 topk 23 0.6503 accepted True
sample 8 256 topk 41 0.648 accepted True
sample 8 256 topp 17 0.6919 accepted True
sample 8 256 topp 23 0.6948 accepted True
sample 8 256 topp 41 0.6892 accepted True
sample 8 256 combined 17 0.6961 accepted True
sample 8 256 combined 23 0.695 accepted True
sample 8 256 combined 41 0.6988 accepted True
PASS /tmp/spec-v7-bench-final/primary-p2-off.json
