sample 1 32 greedy 17 0.553 accepted True
sample 1 32 greedy 23 0.5444 accepted True
sample 1 32 greedy 41 0.54 accepted True
sample 1 32 plain 17 0.5586 accepted True
sample 1 32 plain 23 0.5554 accepted True
sample 1 32 plain 41 0.564 accepted True
sample 1 32 topk 17 0.5588 accepted True
sample 1 32 topk 23 0.5606 accepted True
sample 1 32 topk 41 0.5621 accepted True
sample 1 32 topp 17 0.5787 accepted True
sample 1 32 topp 23 0.5672 accepted True
sample 1 32 topp 41 0.5685 accepted True
sample 1 32 combined 17 0.5774 accepted True
sample 1 32 combined 23 0.5747 accepted True
sample 1 32 combined 41 0.5742 accepted True
sample 1 256 greedy 17 0.5508 accepted True
sample 1 256 greedy 23 0.5495 accepted True
sample 1 256 greedy 41 0.5506 accepted True
sample 1 256 plain 17 0.5662 accepted True
sample 1 256 plain 23 0.5688 accepted True
sample 1 256 plain 41 0.5669 accepted True
sample 1 256 topk 17 0.572 accepted True
sample 1 256 topk 23 0.5715 accepted True
sample 1 256 topk 41 0.5719 accepted True
sample 1 256 topp 17 0.5824 accepted True
sample 1 256 topp 23 0.5884 accepted True
sample 1 256 topp 41 0.5839 accepted True
sample 1 256 combined 17 0.5969 accepted True
sample 1 256 combined 23 0.5921 accepted True
sample 1 256 combined 41 0.5966 accepted True
sample 4 32 greedy 17 0.5308 accepted True
sample 4 32 greedy 23 0.5384 accepted True
sample 4 32 greedy 41 0.5384 accepted True
sample 4 32 plain 17 0.5473 accepted True
sample 4 32 plain 23 0.5478 accepted True
sample 4 32 plain 41 0.5481 accepted True
sample 4 32 topk 17 0.5531 accepted True
sample 4 32 topk 23 0.5591 accepted True
sample 4 32 topk 41 0.5726 accepted True
sample 4 32 topp 17 0.5894 accepted True
sample 4 32 topp 23 0.5959 accepted True
sample 4 32 topp 41 0.5975 accepted True
sample 4 32 combined 17 0.5927 accepted True
sample 4 32 combined 23 0.6004 accepted True
sample 4 32 combined 41 0.5953 accepted True
sample 4 256 greedy 17 0.5813 accepted True
sample 4 256 greedy 23 0.5897 accepted True
sample 4 256 greedy 41 0.5854 accepted True
sample 4 256 plain 17 0.6029 accepted True
sample 4 256 plain 23 0.5988 accepted True
sample 4 256 plain 41 0.5972 accepted True
sample 4 256 topk 17 0.6075 accepted True
sample 4 256 topk 23 0.6047 accepted True
sample 4 256 topk 41 0.6033 accepted True
sample 4 256 topp 17 0.6459 accepted True
sample 4 256 topp 23 0.6369 accepted True
sample 4 256 topp 41 0.6401 accepted True
sample 4 256 combined 17 0.6453 accepted True
sample 4 256 combined 23 0.647 accepted True
sample 4 256 combined 41 0.6571 accepted True
sample 8 32 greedy 17 0.5462 accepted True
sample 8 32 greedy 23 0.552 accepted True
sample 8 32 greedy 41 0.5506 accepted True
sample 8 32 plain 17 0.5612 accepted True
sample 8 32 plain 23 0.5684 accepted True
sample 8 32 plain 41 0.5533 accepted True
sample 8 32 topk 17 0.5649 accepted True
sample 8 32 topk 23 0.5712 accepted True
sample 8 32 topk 41 0.5647 accepted True
sample 8 32 topp 17 0.6129 accepted True
sample 8 32 topp 23 0.6034 accepted True
sample 8 32 topp 41 0.6051 accepted True
sample 8 32 combined 17 0.6061 accepted True
sample 8 32 combined 23 0.6206 accepted True
sample 8 32 combined 41 0.606 accepted True
sample 8 256 greedy 17 0.6283 accepted True
sample 8 256 greedy 23 0.6294 accepted True
sample 8 256 greedy 41 0.6333 accepted True
sample 8 256 plain 17 0.6418 accepted True
sample 8 256 plain 23 0.6533 accepted True
sample 8 256 plain 41 0.6429 accepted True
sample 8 256 topk 17 0.6494 accepted True
sample 8 256 topk 23 0.6523 accepted True
sample 8 256 topk 41 0.6678 accepted True
sample 8 256 topp 17 0.6888 accepted True
sample 8 256 topp 23 0.6994 accepted True
sample 8 256 topp 41 0.6894 accepted True
sample 8 256 combined 17 0.6959 accepted True
sample 8 256 combined 23 0.7012 accepted True
sample 8 256 combined 41 0.7018 accepted True
PASS /tmp/spec-v7-bench-final/primary-p3-off.json
