66c141d2e5c391e7d74fc6ebfb826283a4948f83
c2c9fbce937217ad2227955fbb4451441a721dd3
........................................................................ [  5%]
........................................................................ [ 11%]
........................................................................ [ 16%]
.................sssssss................................................ [ 22%]
s......s.......................s.........s........s...........s......... [ 27%]
........................................................................ [ 33%]
....................................s................................... [ 38%]
........................................................................ [ 44%]
........................................................................ [ 50%]
........................................................................ [ 55%]
.....................................................s.................. [ 61%]
........................................................................ [ 66%]
........................................................................ [ 72%]
........................................................................ [ 77%]
........................................................................ [ 83%]
........................................................................ [ 89%]
........................................................................ [ 94%]
..........ssssss................................sssss.........ss...sss   [100%]
=============================== warnings summary ===============================
../../venv/main/lib/python3.12/site-packages/torch/jit/_script.py:362: 14 warnings
  /venv/main/lib/python3.12/site-packages/torch/jit/_script.py:362: DeprecationWarning: `torch.jit.script_method` is deprecated. Please switch to `torch.compile` or `torch.export`.
    warnings.warn(

-- Docs: https://docs.pytest.org/en/stable/how-to/capture-warnings.html
1263 passed, 31 skipped, 14 warnings in 157.53s (0:02:37)
